// Jest Snapshot v1, https://goo.gl/fbAQLP

exports[`profile actions:  clearProfile 1`] = `
Object {
  "type": "CLEAR_PROFILE",
}
`;

exports[`profile actions:  fillProfile 1`] = `
Object {
  "payload": Object {
    "avatar": "TEST_AVATAR",
    "firstName": "Walter",
    "id": "TEST_ID",
    "lastName": "White",
    "token": "TEST_TOKEN",
  },
  "type": "FILL_PROFILE",
}
`;

exports[`profile actions:  updateAvatar 1`] = `
Object {
  "payload": "https://www.url.com",
  "type": "UPDATE_AVATAR",
}
`;
