// Jest Snapshot v1, https://goo.gl/fbAQLP

exports[`profile reducer:  should handle CLEAR_PROFILE action 1`] = `Immutable.Map {}`;
